// Jest Snapshot v1, https://goo.gl/fbAQLP

exports[`Testing in <LoginScreen /> should display correctly 1`] = `
<div
  className="container mt-5"
>
  <h1>
    Login
  </h1>
  <hr />
  <h1>
    <button
      className="btn btn-primary"
      onClick={[Function]}
      type="button"
    >
      Login
    </button>
  </h1>
</div>
`;
