// Jest Snapshot v1, https://goo.gl/fbAQLP

exports[`Testing in <MultipleCustomHooks /> should display correctly 1`] = `
<div>
  <h1>
    BreakingBad Qoutes
  </h1>
  <hr />
  <div
    className="alert alert-info text-center"
  >
    ...loading
  </div>
  <button
    className="btn btn-success"
    onClick={[Function]}
  >
    Siguiente Frase 
  </button>
</div>
`;
