// Jest Snapshot v1, https://goo.gl/fbAQLP

exports[`Testing in <AppRouter /> should be the login is the user is not authenticate 1`] = `
<div>
  <div
    className="container mt-5"
  >
    <h1>
      Login
    </h1>
    <hr />
    <h1>
      <button
        className="btn btn-primary"
        onClick={[Function]}
        type="button"
      >
        Login
      </button>
    </h1>
  </div>
</div>
`;
