// Jest Snapshot v1, https://goo.gl/fbAQLP

exports[`Testing in <HoopApp/ > should display correctly 1`] = `
<div>
  <h1>
    Hola mundo
  </h1>
</div>
`;
