// Jest Snapshot v1, https://goo.gl/fbAQLP

exports[`Testinig in <DashBoardRoutes /> should display correctly 1`] = `
Array [
  <nav
    className="navbar navbar-expand-sm navbar-dark bg-dark"
  >
    <a
      className="navbar-brand"
      href="/"
      onClick={[Function]}
    >
      Asociaciones
    </a>
    <div
      className="navbar-collapse"
    >
      <div
        className="navbar-nav"
      >
        <a
          aria-current="page"
          className="nav-item nav-link active"
          href="/marvel"
          onClick={[Function]}
          style={Object {}}
        >
          Marvel
        </a>
        <a
          aria-current={null}
          className="nav-item nav-link"
          href="/dc"
          onClick={[Function]}
        >
          DC
        </a>
        <a
          aria-current={null}
          className="nav-item nav-link"
          href="/search"
          onClick={[Function]}
        >
          Search
        </a>
      </div>
    </div>
    <div
      className="navbar-collapse collapse w-100 order-3 dual-collapse2"
    >
      <ul
        className="navbar-nav ml-auto"
      >
        <p
          className="nav-item nav-link text-info"
        >
          juanitoxd
        </p>
        <button
          activeClassName="active"
          className="btn btn-primary"
          onClick={[Function]}
        >
          Logout
        </button>
      </ul>
    </div>
  </nav>,
  <div
    className="container mt-2"
  >
    <div>
      <h1>
        Marvel Screen
      </h1>
      <hr />
      <div
        className="card-columns animate__animated animate__fadeIn"
      >
        <div
          className="card ms-3"
          style={
            Object {
              "maxWidth": 540,
            }
          }
        >
          <div
            className="row no-gutters"
          >
            <div
              className="col-md-4"
            >
              <img
                alt="Spider Man"
                className="card-img"
                src="./assets/heroes/marvel-spider.jpg"
              />
            </div>
            <div
              className="col-md-8"
            >
              <div
                className="card title"
              >
                Spider Man
              </div>
              <p
                className="car-text"
              >
                Peter Parker
              </p>
              <div
                className="card-text"
              >
                <div
                  className="text-muted"
                >
                  <small
                    className="text-muted"
                  >
                    Amazing Fantasy #15
                  </small>
                </div>
              </div>
              <a
                href="/hero/marvel-spider"
                onClick={[Function]}
              >
                Más ...
              </a>
            </div>
          </div>
        </div>
        <div
          className="card ms-3"
          style={
            Object {
              "maxWidth": 540,
            }
          }
        >
          <div
            className="row no-gutters"
          >
            <div
              className="col-md-4"
            >
              <img
                alt="Captain America"
                className="card-img"
                src="./assets/heroes/marvel-captain.jpg"
              />
            </div>
            <div
              className="col-md-8"
            >
              <div
                className="card title"
              >
                Captain America
              </div>
              <p
                className="car-text"
              >
                Steve Rogers
              </p>
              <div
                className="card-text"
              >
                <div
                  className="text-muted"
                >
                  <small
                    className="text-muted"
                  >
                    Captain America Comics #1
                  </small>
                </div>
              </div>
              <a
                href="/hero/marvel-captain"
                onClick={[Function]}
              >
                Más ...
              </a>
            </div>
          </div>
        </div>
        <div
          className="card ms-3"
          style={
            Object {
              "maxWidth": 540,
            }
          }
        >
          <div
            className="row no-gutters"
          >
            <div
              className="col-md-4"
            >
              <img
                alt="Iron Man"
                className="card-img"
                src="./assets/heroes/marvel-iron.jpg"
              />
            </div>
            <div
              className="col-md-8"
            >
              <div
                className="card title"
              >
                Iron Man
              </div>
              <p
                className="car-text"
              >
                Tony Stark
              </p>
              <div
                className="card-text"
              >
                <div
                  className="text-muted"
                >
                  <small
                    className="text-muted"
                  >
                    Tales of Suspense #39
                  </small>
                </div>
              </div>
              <a
                href="/hero/marvel-iron"
                onClick={[Function]}
              >
                Más ...
              </a>
            </div>
          </div>
        </div>
        <div
          className="card ms-3"
          style={
            Object {
              "maxWidth": 540,
            }
          }
        >
          <div
            className="row no-gutters"
          >
            <div
              className="col-md-4"
            >
              <img
                alt="Thor"
                className="card-img"
                src="./assets/heroes/marvel-thor.jpg"
              />
            </div>
            <div
              className="col-md-8"
            >
              <div
                className="card title"
              >
                Thor
              </div>
              <p
                className="car-text"
              >
                Thor Odinson
              </p>
              <div
                className="card-text"
              >
                <div
                  className="text-muted"
                >
                  <small
                    className="text-muted"
                  >
                    Journey into Myster #83
                  </small>
                </div>
              </div>
              <a
                href="/hero/marvel-thor"
                onClick={[Function]}
              >
                Más ...
              </a>
            </div>
          </div>
        </div>
        <div
          className="card ms-3"
          style={
            Object {
              "maxWidth": 540,
            }
          }
        >
          <div
            className="row no-gutters"
          >
            <div
              className="col-md-4"
            >
              <img
                alt="Hulk"
                className="card-img"
                src="./assets/heroes/marvel-hulk.jpg"
              />
            </div>
            <div
              className="col-md-8"
            >
              <div
                className="card title"
              >
                Hulk
              </div>
              <p
                className="car-text"
              >
                Bruce Banner
              </p>
              <div
                className="card-text"
              >
                <div
                  className="text-muted"
                >
                  <small
                    className="text-muted"
                  >
                    The Incredible Hulk #1
                  </small>
                </div>
              </div>
              <a
                href="/hero/marvel-hulk"
                onClick={[Function]}
              >
                Más ...
              </a>
            </div>
          </div>
        </div>
        <div
          className="card ms-3"
          style={
            Object {
              "maxWidth": 540,
            }
          }
        >
          <div
            className="row no-gutters"
          >
            <div
              className="col-md-4"
            >
              <img
                alt="Wolverine"
                className="card-img"
                src="./assets/heroes/marvel-wolverine.jpg"
              />
            </div>
            <div
              className="col-md-8"
            >
              <div
                className="card title"
              >
                Wolverine
              </div>
              <p
                className="car-text"
              >
                James Howlett
              </p>
              <div
                className="card-text"
              >
                <div
                  className="text-muted"
                >
                  <small
                    className="text-muted"
                  >
                    The Incredible Hulk #180
                  </small>
                </div>
              </div>
              <a
                href="/hero/marvel-wolverine"
                onClick={[Function]}
              >
                Más ...
              </a>
            </div>
          </div>
        </div>
        <div
          className="card ms-3"
          style={
            Object {
              "maxWidth": 540,
            }
          }
        >
          <div
            className="row no-gutters"
          >
            <div
              className="col-md-4"
            >
              <img
                alt="Daredevil"
                className="card-img"
                src="./assets/heroes/marvel-daredevil.jpg"
              />
            </div>
            <div
              className="col-md-8"
            >
              <div
                className="card title"
              >
                Daredevil
              </div>
              <p
                className="car-text"
              >
                Matthew Michael Murdock
              </p>
              <div
                className="card-text"
              >
                <div
                  className="text-muted"
                >
                  <small
                    className="text-muted"
                  >
                    Daredevil #1
                  </small>
                </div>
              </div>
              <a
                href="/hero/marvel-daredevil"
                onClick={[Function]}
              >
                Más ...
              </a>
            </div>
          </div>
        </div>
        <div
          className="card ms-3"
          style={
            Object {
              "maxWidth": 540,
            }
          }
        >
          <div
            className="row no-gutters"
          >
            <div
              className="col-md-4"
            >
              <img
                alt="Hawkeye"
                className="card-img"
                src="./assets/heroes/marvel-hawkeye.jpg"
              />
            </div>
            <div
              className="col-md-8"
            >
              <div
                className="card title"
              >
                Hawkeye
              </div>
              <p
                className="car-text"
              >
                Clinton Francis Barton
              </p>
              <div
                className="card-text"
              >
                <div
                  className="text-muted"
                >
                  <small
                    className="text-muted"
                  >
                    Tales of Suspense #57
                  </small>
                </div>
              </div>
              <a
                href="/hero/marvel-hawkeye"
                onClick={[Function]}
              >
                Más ...
              </a>
            </div>
          </div>
        </div>
        <div
          className="card ms-3"
          style={
            Object {
              "maxWidth": 540,
            }
          }
        >
          <div
            className="row no-gutters"
          >
            <div
              className="col-md-4"
            >
              <img
                alt="Cyclops"
                className="card-img"
                src="./assets/heroes/marvel-cyclops.jpg"
              />
            </div>
            <div
              className="col-md-8"
            >
              <div
                className="card title"
              >
                Cyclops
              </div>
              <p
                className="car-text"
              >
                Scott Summers
              </p>
              <div
                className="card-text"
              >
                <div
                  className="text-muted"
                >
                  <small
                    className="text-muted"
                  >
                    X-Men #1
                  </small>
                </div>
              </div>
              <a
                href="/hero/marvel-cyclops"
                onClick={[Function]}
              >
                Más ...
              </a>
            </div>
          </div>
        </div>
        <div
          className="card ms-3"
          style={
            Object {
              "maxWidth": 540,
            }
          }
        >
          <div
            className="row no-gutters"
          >
            <div
              className="col-md-4"
            >
              <img
                alt="Silver Surfer"
                className="card-img"
                src="./assets/heroes/marvel-silver.jpg"
              />
            </div>
            <div
              className="col-md-8"
            >
              <div
                className="card title"
              >
                Silver Surfer
              </div>
              <p
                className="car-text"
              >
                Norrin Radd
              </p>
              <div
                className="card-text"
              >
                <div
                  className="text-muted"
                >
                  <small
                    className="text-muted"
                  >
                    The Fantastic Four #48
                  </small>
                </div>
              </div>
              <a
                href="/hero/marvel-silver"
                onClick={[Function]}
              >
                Más ...
              </a>
            </div>
          </div>
        </div>
      </div>
    </div>
  </div>,
]
`;
