// Jest Snapshot v1, https://goo.gl/fbAQLP

exports[`Test in <RealExample /> should display correctly 1`] = `
<div>
  <h2>
    RealExampleRef
  </h2>
  <hr />
  <button
    className="btn btn-primary mt-5"
    onClick={[Function]}
  >
    Show/hide
  </button>
</div>
`;
