// Jest Snapshot v1, https://goo.gl/fbAQLP

exports[`Testing the git Expert App Component should show correctly the component with props 1`] = `
<Fragment>
  <h2>
    GiExportapp
  </h2>
  <AddCategory
    setCategories={[Function]}
  />
  <hr />
  <ol />
</Fragment>
`;
